[backblue.gif]
[fade.gif]
[index.html]
[plugin.flexifunnels.com/js/jquerylatest.min.js]
[plugin.flexifunnels.com/fontawesome/css/all.min.css]
[assets.flexifunnels.com/css/protected.css]
[img.flexifunnels.com/images/163/kzndy_1600_obmo4ke0udvjbpzil9sw.jpg]
[img.flexifunnels.com/images/5959/i4mjm_1144_VIRALREELMASTERMIND.png]
[img.flexifunnels.com/images/5959/c3ntu_894_undrawmathematics4otb.png]
[img.flexifunnels.com/images/5959/g2mdq_1404_undrawdesigntools42tf.png]
[img.flexifunnels.com/images/5959/qynji_824_undrawBusinessshopreruf4.png]
[img.flexifunnels.com/images/5959/u2otq_895_undrawFreelancerreirh4.png]
[img.flexifunnels.com/images/5959/mxmjm_1103_undrawlaravelandvue59tp.png]
[img.flexifunnels.com/images/5959/mxodc_1078_undrawMeettheteamre4h08.png]
[img.flexifunnels.com/images/5959/m3nzc_1050_undrawWorkingreddwy.png]
[img.flexifunnels.com/images/5959/i5ndg_992_undrawTeachingreg7e3.png]
[img.flexifunnels.com/images/5959/azmde_1124_undrawqualitytimewiyl.png]
[assets.flexifunnels.com/images/itrans.png]
[assets.flexifunnels.com/css/ft-intltelInput.css]
[assets.flexifunnels.com/js/intlTelInput.min.js]
[assets.flexifunnels.com/js/ft-control8578.js]
[mission1success.com/index.html]
[mission1success.com/home.html]
[plugin.flexifunnels.com/fontawesome/css/all.min.css]
[assets.flexifunnels.com/css/protected.css]
[assets.flexifunnels.com/js/ft-lazy-loading8578.js]
[assets.flexifunnels.com/js/ft-control8b5c.js]
[mission1success.com/Contact-Us.html]
[assets.flexifunnels.com/js/ft-lazy-loading8b5c.js]
[plugin.flexifunnels.com/js/angular.min.js]
[app.flexifunnels.com/layout/membership/theme/1/ms_access867d.js]
[assets.flexifunnels.com/js/ft-manage.js]
[assets.flexifunnels.com/js/ft-memberships867d.js]
[assets.flexifunnels.com/js/ft-control.js]
[mission1success.com/signin.html]
[assets.flexifunnels.com/js/ft-lazy-loading.js]
[assets.flexifunnels.com/js/ft-control0cbd.js]
[mission1success.com/privacy-policy.html]
[assets.flexifunnels.com/js/ft-lazy-loading0cbd.js]
[assets.flexifunnels.com/js/ft-control7d06.js]
[mission1success.com/terms--conditions.html]
[assets.flexifunnels.com/js/ft-lazy-loading7d06.js]
[assets.flexifunnels.com/js/ft-controlb4e6.js]
[mission1success.com/earnings-disclaimer.html]
[assets.flexifunnels.com/js/ft-lazy-loadingb4e6.js]
[img.flexifunnels.com/images/5959/uxmtc_1536_Screenshot20240105005411.png]
[assets.flexifunnels.com/js/ft-controlf664.js]
[mission1success.com/refund--cancellation-policy.html]
[assets.flexifunnels.com/js/ft-lazy-loadingf664.js]
[assets.flexifunnels.com/images/flags.png]
[assets.flexifunnels.com/images/flags@2x.png]
[assets.flexifunnels.com/css/ft-intltelInput.css]
